{
  "schema": "f16-qualification-reset-local-proof-v1",
  "label": "F16 LOCAL CORRECTION CANDIDATE — AWAITING QA / LOCAL TX PROOF",
  "helper": "scripts/prove-f3-qualification-reset-local.mjs",
  "hostedIdentityProof": false,
  "disposableContact": false,
  "productionContact": false,
  "wipeRejectionCode": "F3_WIPE_FORBIDDEN_FOR_STUB_LIVE_PIN_AUTH",
  "mustLocal": false,
  "localPg": {
    "available": true,
    "reason": null,
    "classification": "LOCAL_PG_EXECUTED"
  },
  "distinctions": {
    "checks": 17,
    "scenarios": 7,
    "executedTransactions": 6
  },
  "cases": [
    {
      "id": "WIPE_STILL_REJECTED",
      "kind": "check",
      "ok": true,
      "capture": null,
      "resetApply": null,
      "sql": null,
      "observedPhase": null,
      "commit": null,
      "rollback": null,
      "replay": false,
      "code": "F3_WIPE_FORBIDDEN_FOR_STUB_LIVE_PIN_AUTH",
      "verdict": null,
      "executedTransaction": false,
      "note": null,
      "captureCalls": null,
      "transportCalls": null,
      "applyCalls": null,
      "sqlCalls": null,
      "mutationPhaseReached": false,
      "processStatus": null,
      "stdout": null,
      "stderr": null
    },
    {
      "id": "INVENTORY_PSQL_ARGV_MACHINE_READABLE",
      "kind": "check",
      "ok": true,
      "capture": null,
      "resetApply": null,
      "sql": true,
      "observedPhase": null,
      "commit": null,
      "rollback": null,
      "replay": false,
      "code": null,
      "verdict": null,
      "executedTransaction": false,
      "note": null,
      "captureCalls": null,
      "transportCalls": null,
      "applyCalls": null,
      "sqlCalls": true,
      "mutationPhaseReached": false,
      "processStatus": null,
      "stdout": null,
      "stderr": null
    },
    {
      "id": "ALIGNED_FRAMING_REJECTED",
      "kind": "check",
      "ok": true,
      "capture": "rejected",
      "resetApply": null,
      "sql": null,
      "observedPhase": null,
      "commit": null,
      "rollback": null,
      "replay": false,
      "code": "F13_INVENTORY_CAPTURE_FRAMING",
      "verdict": null,
      "executedTransaction": false,
      "note": null,
      "captureCalls": null,
      "transportCalls": null,
      "applyCalls": null,
      "sqlCalls": null,
      "mutationPhaseReached": false,
      "processStatus": null,
      "stdout": null,
      "stderr": null
    },
    {
      "id": "FUNCTION_IDENTITY_NAMED_ARGS",
      "kind": "check",
      "ok": true,
      "capture": null,
      "resetApply": null,
      "sql": true,
      "observedPhase": null,
      "commit": null,
      "rollback": null,
      "replay": false,
      "code": null,
      "verdict": null,
      "executedTransaction": false,
      "note": null,
      "captureCalls": null,
      "transportCalls": null,
      "applyCalls": null,
      "sqlCalls": true,
      "mutationPhaseReached": false,
      "processStatus": null,
      "stdout": null,
      "stderr": null
    },
    {
      "id": "UNEXPECTED_OBJECT_BLOCKS",
      "kind": "check",
      "ok": true,
      "capture": null,
      "resetApply": null,
      "sql": null,
      "observedPhase": null,
      "commit": null,
      "rollback": null,
      "replay": false,
      "code": "F13_UNEXPECTED_OBJECT_OR_DEPENDENCY",
      "verdict": null,
      "executedTransaction": false,
      "note": null,
      "captureCalls": null,
      "transportCalls": null,
      "applyCalls": null,
      "sqlCalls": null,
      "mutationPhaseReached": false,
      "processStatus": null,
      "stdout": null,
      "stderr": null
    },
    {
      "id": "CLEAN_BASELINE_AUTH_TRIGGER_HOLD",
      "kind": "check",
      "ok": true,
      "capture": null,
      "resetApply": null,
      "sql": null,
      "observedPhase": null,
      "commit": null,
      "rollback": null,
      "replay": false,
      "code": "F13_UNSUPPORTED_MANAGED_LEFTOVER",
      "verdict": "HOLD",
      "executedTransaction": false,
      "note": null,
      "captureCalls": null,
      "transportCalls": null,
      "applyCalls": null,
      "sqlCalls": null,
      "mutationPhaseReached": false,
      "processStatus": null,
      "stdout": null,
      "stderr": null
    },
    {
      "id": "CLEAN_BASELINE_UNNEST_HOLD",
      "kind": "check",
      "ok": true,
      "capture": null,
      "resetApply": null,
      "sql": null,
      "observedPhase": null,
      "commit": null,
      "rollback": null,
      "replay": false,
      "code": "F13_INVENTORY_CAPTURE_CONTRADICTION",
      "verdict": "HOLD",
      "executedTransaction": false,
      "note": null,
      "captureCalls": null,
      "transportCalls": null,
      "applyCalls": null,
      "sqlCalls": null,
      "mutationPhaseReached": false,
      "processStatus": null,
      "stdout": null,
      "stderr": null
    },
    {
      "id": "CLEAN_BASELINE_UNEXPECTED_STORAGE_HOLD",
      "kind": "check",
      "ok": true,
      "capture": null,
      "resetApply": null,
      "sql": null,
      "observedPhase": null,
      "commit": null,
      "rollback": null,
      "replay": false,
      "code": "F13_UNSUPPORTED_MANAGED_LEFTOVER",
      "verdict": "HOLD",
      "executedTransaction": false,
      "note": null,
      "captureCalls": null,
      "transportCalls": null,
      "applyCalls": null,
      "sqlCalls": null,
      "mutationPhaseReached": false,
      "processStatus": null,
      "stdout": null,
      "stderr": null
    },
    {
      "id": "GENUINE_CLEAN_STILL_CLEAN",
      "kind": "check",
      "ok": true,
      "capture": null,
      "resetApply": null,
      "sql": null,
      "observedPhase": null,
      "commit": null,
      "rollback": null,
      "replay": false,
      "code": null,
      "verdict": "CLEAN_BASELINE",
      "executedTransaction": false,
      "note": null,
      "captureCalls": null,
      "transportCalls": null,
      "applyCalls": null,
      "sqlCalls": null,
      "mutationPhaseReached": false,
      "processStatus": null,
      "stdout": null,
      "stderr": null
    },
    {
      "id": "ELIGIBLE_LEFTOVER_NAMED_STORAGE",
      "kind": "check",
      "ok": true,
      "capture": null,
      "resetApply": null,
      "sql": null,
      "observedPhase": null,
      "commit": null,
      "rollback": null,
      "replay": false,
      "code": null,
      "verdict": "RESET_ELIGIBLE",
      "executedTransaction": false,
      "note": null,
      "captureCalls": null,
      "transportCalls": null,
      "applyCalls": null,
      "sqlCalls": null,
      "mutationPhaseReached": false,
      "processStatus": null,
      "stdout": null,
      "stderr": null
    },
    {
      "id": "STATUS0_WITHOUT_COMMIT_OBS",
      "kind": "check",
      "ok": true,
      "capture": null,
      "resetApply": null,
      "sql": null,
      "observedPhase": null,
      "commit": false,
      "rollback": null,
      "replay": false,
      "code": null,
      "verdict": null,
      "executedTransaction": false,
      "note": null,
      "captureCalls": null,
      "transportCalls": null,
      "applyCalls": null,
      "sqlCalls": null,
      "mutationPhaseReached": false,
      "processStatus": null,
      "stdout": null,
      "stderr": null
    },
    {
      "id": "COMMIT_CONNECTION_LOSS_UNCERTAIN",
      "kind": "check",
      "ok": true,
      "capture": null,
      "resetApply": null,
      "sql": null,
      "observedPhase": "T7_COMMIT",
      "commit": false,
      "rollback": null,
      "replay": false,
      "code": null,
      "verdict": null,
      "executedTransaction": false,
      "note": null,
      "captureCalls": null,
      "transportCalls": null,
      "applyCalls": null,
      "sqlCalls": null,
      "mutationPhaseReached": false,
      "processStatus": null,
      "stdout": null,
      "stderr": null
    },
    {
      "id": "ADVISORY_LOCK_NO_VOID_SELECT",
      "kind": "check",
      "ok": true,
      "capture": null,
      "resetApply": null,
      "sql": true,
      "observedPhase": null,
      "commit": null,
      "rollback": null,
      "replay": false,
      "code": null,
      "verdict": null,
      "executedTransaction": false,
      "note": null,
      "captureCalls": null,
      "transportCalls": null,
      "applyCalls": null,
      "sqlCalls": true,
      "mutationPhaseReached": false,
      "processStatus": null,
      "stdout": null,
      "stderr": null
    },
    {
      "id": "T3_SQL_LIVE_CATALOG_TUPLES",
      "kind": "check",
      "ok": true,
      "capture": null,
      "resetApply": null,
      "sql": true,
      "observedPhase": null,
      "commit": null,
      "rollback": null,
      "replay": false,
      "code": null,
      "verdict": null,
      "executedTransaction": false,
      "note": null,
      "captureCalls": null,
      "transportCalls": null,
      "applyCalls": null,
      "sqlCalls": true,
      "mutationPhaseReached": false,
      "processStatus": null,
      "stdout": null,
      "stderr": null
    },
    {
      "id": "ADVISORY_LOCK_VOID_SELECT_FRAMING",
      "kind": "check",
      "ok": true,
      "capture": null,
      "resetApply": null,
      "sql": null,
      "observedPhase": "T7_COMMIT",
      "commit": true,
      "rollback": null,
      "replay": false,
      "code": null,
      "verdict": null,
      "executedTransaction": false,
      "note": "protocol-defined whitespace from void SELECT is ignored; PREFIX/SUFFIX still rejected",
      "captureCalls": null,
      "transportCalls": null,
      "applyCalls": null,
      "sqlCalls": null,
      "mutationPhaseReached": false,
      "processStatus": null,
      "stdout": null,
      "stderr": null
    },
    {
      "id": "RUNTIME_CLOSURE_NOT_SUMMARY",
      "kind": "check",
      "ok": true,
      "capture": null,
      "resetApply": null,
      "sql": null,
      "observedPhase": null,
      "commit": null,
      "rollback": null,
      "replay": false,
      "code": null,
      "verdict": null,
      "executedTransaction": false,
      "note": null,
      "captureCalls": null,
      "transportCalls": null,
      "applyCalls": null,
      "sqlCalls": null,
      "mutationPhaseReached": false,
      "processStatus": null,
      "stdout": null,
      "stderr": null
    },
    {
      "id": "PROPOSED_HOSTED_PLAN_OFFLINE",
      "kind": "check",
      "ok": true,
      "capture": null,
      "resetApply": null,
      "sql": null,
      "observedPhase": null,
      "commit": null,
      "rollback": null,
      "replay": false,
      "code": null,
      "verdict": null,
      "executedTransaction": false,
      "note": null,
      "captureCalls": null,
      "transportCalls": null,
      "applyCalls": null,
      "sqlCalls": null,
      "mutationPhaseReached": false,
      "processStatus": null,
      "stdout": null,
      "stderr": null
    },
    {
      "id": "UNEXPECTED_OBJECT_BLOCKS_BEFORE_PLAN",
      "kind": "scenario",
      "ok": true,
      "capture": "complete-universe-with-sentinel",
      "resetApply": "not-attempted",
      "sql": null,
      "observedPhase": null,
      "commit": false,
      "rollback": null,
      "replay": false,
      "code": "F13_UNEXPECTED_OBJECT_OR_DEPENDENCY",
      "verdict": "HOLD",
      "executedTransaction": false,
      "note": "unexpected object present at capture blocks planning; no apply",
      "captureCalls": null,
      "transportCalls": null,
      "applyCalls": "not-attempted",
      "sqlCalls": null,
      "mutationPhaseReached": false,
      "processStatus": null,
      "stdout": null,
      "stderr": null
    },
    {
      "id": "TX_SUCCESSFUL_RESET",
      "kind": "scenario",
      "ok": true,
      "capture": "eligible-leftover",
      "resetApply": 1,
      "sql": true,
      "observedPhase": "T7_COMMIT",
      "commit": true,
      "rollback": null,
      "replay": false,
      "code": null,
      "verdict": "CLEAN_BASELINE",
      "executedTransaction": true,
      "note": "shared runQualificationReset + local-fixture psql + generated SQL",
      "captureCalls": 1,
      "transportCalls": 1,
      "applyCalls": 1,
      "sqlCalls": 1,
      "mutationPhaseReached": true,
      "processStatus": 0,
      "stdout": "{\"schema\":\"f15-qualification-reset-tx-observation-v1\",\"phase\":\"T1_BEGIN\",\"event\":\"began\"}\n{\"schema\":\"f15-qualification-reset-tx-observation-v1\",\"phase\":\"T2_LOCK\",\"event\":\"locked\"}\n{\"schema\":\"f15-qualification-reset-tx-observation-v1\",\"phase\":\"T3_REVALIDATE\",\"event\":\"revalidated\"}\n{\"schema\":\"f15-qualification-reset-tx-observation-v1\",\"phase\":\"T4_MUTATE\",\"event\":\"mutate_attempted\"}\n{\"schema\":\"f15-qualification-reset-tx-observation-v1\",\"phase\":\"T5_AFFECTED\",\"event\":\"affected_checked\"}\n{\"schema\":\"f15-qualification-reset-tx-observation-v1\",\"phase\":\"T6_FINAL\",\"event\":\"final_ok\"}\n{\"schema\":\"f15-qualification-reset-tx-observation-v1\",\"phase\":\"T7_COMMIT\",\"event\":\"commit_attempted\"}\n{\"schema\":\"f15-qualification-reset-tx-observation-v1\",\"phase\":\"T7_COMMIT\",\"event\":\"committed\",\"committed\":true}\n",
      "stderr": "psql:/tmp/f15-qual-reset-sZtEQ9/f15-qualification-reset.sql:559: NOTICE:  function public.get_financial_cashbook(uuid,pg_catalog.timestamptz,pg_catalog.timestamptz,uuid,text,pg_catalog.int4,pg_catalog.int4) does not exist, skipping\npsql:/tmp/f15-qual-reset-sZtEQ9/f15-qualification-reset.sql:559: NOTICE:  function public.get_financial_projection_bundle(uuid,pg_catalog.timestamptz,pg_catalog.timestamptz,pg_catalog.timestamptz) does not exist, skipping\npsql:/tmp/f15-qual-reset-sZtEQ9/f15-qualification-reset.sql:559: NOTICE:  function public.post_financial_command(jsonb) does not exist, skipping\npsql:/tmp/f15-qual-reset-sZtEQ9/f15-qualification-reset.sql:559: NOTICE:  function public.correct_financial_event(jsonb) does not exist, skipping\npsql:/tmp/f15-qual-reset-sZtEQ9/f15-qualification-reset.sql:559: NOTICE:  type \"notification_channel\" does not exist, skipping\npsql:/tmp/f15-qual-reset-sZtEQ9/f15-qualification-reset.sql:559: NOTICE:  function public.execute_member_transfer(jsonb) does not exist, skipping\npsql:/tmp/f15-qual-reset-sZtEQ9/f15-qualification-reset.sql:559: NOTICE:  function public.request_member_transfer(jsonb) does not exist, skipping\npsql:/tmp/f15-qual-reset-sZtEQ9/f15-qualification-reset.sql:559: NOTICE:  function public.has_group_permission(uuid,text,uuid) does not exist, skipping\npsql:/tmp/f15-qual-reset-sZtEQ9/f15-qualification-reset.sql:559: NOTICE:  function public.compute_member_standing(uuid) does not exist, skipping\npsql:/tmp/f15-qual-reset-sZtEQ9/f15-qualification-reset.sql:559: NOTICE:  function public.m2_is_valid_iana_timezone(text) does not exist, skipping\npsql:/tmp/f15-qual-reset-sZtEQ9/f15-qualification-reset.sql:559: NOTICE:  function public.notification_policy_set_updated_at() does not exist, skipping\npsql:/tmp/f15-qual-reset-sZtEQ9/f15-qualification-reset.sql:559: NOTICE:  function public.uuid_generate_v5(uuid,text) does not exist, skipping\npsql:/tmp/f15-qual-reset-sZtEQ9/f15-qualification-reset.sql:559: NOTICE:  schema \"financial_core\" does not exist, skipping\npsql:/tmp/f15-qual-reset-sZtEQ9/f15-qualification-reset.sql:559: NOTICE:  schema \"financial_core\" does not exist, skipping\npsql:/tmp/f15-qual-reset-sZtEQ9/f15-qualification-reset.sql:559: NOTICE:  schema \"financial_core\" does not exist, skipping\npsql:/tmp/f15-qual-reset-sZtEQ9/f15-qualification-reset.sql:559: NOTICE:  schema \"financial_core\" does not exist, skipping\npsql:/tmp/f15-qual-reset-sZtEQ9/f15-qualification-reset.sql:559: NOTICE:  schema \"financial_core\" does not exist, skipping\npsql:/tmp/f15-qual-reset-sZtEQ9/f15-qualification-reset.sql:559: NOTICE:  schema \"financial_core\" does not exist, skipping\npsql:/tmp/f15-qual-reset-sZtEQ9/f15-qualification-reset.sql:559: NOTICE:  schema \"financial_core\" does not exist, skipping\npsql:/tmp/f15-qual-reset-sZtEQ9/f15-qualification-reset.sql:559: NOTICE:  schema \"financial_core\" does not exist, skipping\npsql:/tmp/f15-qual-reset-sZtEQ9/f15-qualification-reset.sql:559: NOTICE:  schema \"financial_core\" does not exist, skipping\npsql:/tmp/f15-qual-reset-sZtEQ9/f15-qualification-reset.sql:559: NOTICE:  schema \"financial_core\" does not exist, skipping\npsql:/tmp/f15-qual-reset-sZtEQ9/f15-qualification-reset.sql:559: NOTICE:  schema \"financial_core\" does not exist, skipping\npsql:/tmp/f15-qual-reset-sZtEQ9/f15-qualification-reset.sql:559: NOTICE:  schema \"financial_core\" does not exist, skipping\npsql:/tmp/f15-qual-reset-sZtEQ9/f15-qualification-reset.sql:559: NOTICE:  schema \"financial_core\" does not exist, skipping\npsql:/tmp/f15-qual-reset-sZtEQ9/f15-qualification-reset.sql:559: NOTICE:  schema \"financial_core\" does not exist, skipping\npsql:/tmp/f15-qual-reset-sZtEQ9/f15-qualification-reset.sql:559: NOTICE:  schema \"financial_core\" does not exist, skipping\npsql:/tmp/f15-qual-reset-sZtEQ9/f15-qualification-reset.sql:559: NOTICE:  schema \"financial_core\" does not exist, skipping\npsql:/tmp/f15-qual-reset-sZtEQ9/f15-qualification-reset.sql:559: NOTICE:  schema \"financial_core\" does not exist, skipping\npsql:/tmp/f15-qual-reset-sZtEQ9/f15-qualification-reset.sql:559: NOTICE:  schema \"financial_core\" does not exist, skipping\npsql:/tmp/f15-qual-reset-sZtEQ9/f15-qualification-reset.sql:559: NOTICE:  schema \"financial_core\" does not exist, skipping\npsql:/tmp/f15-qual-reset-sZtEQ9/f15-qualification-reset.sql:559: NOTICE:  schema \"financial_core\" does not exist, skipping\npsql:/tmp/f15-qual-reset-sZtEQ9/f15-qualification-reset.sql:559: NOTICE:  schema \"financial_core\" does not exist, skipping\npsql:/tmp/f15-qual-reset-sZtEQ9/f15-qualification-reset.sql:559: NOTICE:  schema \"financial_core\" does not exist, skipping\npsql:/tmp/f15-qual-reset-sZtEQ9/f15-qualification-reset.sql:559: NOTICE:  schema \"financial_core\" does not exist, skipping\npsql:/tmp/f15-qual-reset-sZtEQ9/f15-qualification-reset.sql:559: NOTICE:  schema \"financial_core\" does not exist, skipping\npsql:/tmp/f15-qual-reset-sZtEQ9/f15-qualification-reset.sql:559: NOTICE:  schema \"financial_core\" does not exist, skipping\npsql:/tmp/f15-qual-reset-sZtEQ9/f15-qualification-reset.sql:559: NOTICE:  schema \"financial_core\" does not exist, skipping\npsql:/tmp/f15-qual-reset-sZtEQ9/f15-qualification-reset.sql:559: NOTICE:  schema \"financial_core\" does not exist, skipping\npsql:/tmp/f15-qual-reset-sZtEQ9/f15-qualification-reset.sql:559: NOTICE:  schema \"financial_core\" does not exist, skipping\npsql:/tmp/f15-qual-reset-sZtEQ9/f15-qualification-reset.sql:559: NOTICE:  schema \"financial_core\" does not exist, skipping\npsql:/tmp/f15-qual-reset-sZtEQ9/f15-qualification-reset.sql:559: NOTICE:  schema \"financial_core\" does not exist, skipping\npsql:/tmp/f15-qual-reset-sZtEQ9/f15-qualification-reset.sql:559: NOTICE:  schema \"financial_core\" does not exist, skipping\npsql:/tmp/f15-qual-reset-sZtEQ9/f15-qualification-reset.sql:559: NOTICE:  schema \"financial_core\" does not exist, skipping\npsql:/tmp/f15-qual-reset-sZtEQ9/f15-qualification-reset.sql:559: NOTICE:  schema \"financial_core\" does not exist, skipping\npsql:/tmp/f15-qual-reset-sZtEQ9/f15-qualification-reset.sql:559: NOTICE:  schema \"financial_core\" does not exist, skipping\npsql:/tmp/f15-qual-reset-sZtEQ9/f15-qualification-reset.sql:559: NOTICE:  schema \"financial_core\" does not exist, skipping\npsql:/tmp/f15-qual-reset-sZtEQ9/f15-qualification-reset.sql:559: NOTICE:  schema \"financial_core\" does not exist, skipping\npsql:/tmp/f15-qual-reset-sZtEQ9/f15-qualification-reset.sql:559: NOTICE:  schema \"financial_core\" does not exist, skipping\npsql:/tmp/f15-qual-reset-sZtEQ9/f15-qualification-reset.sql:559: NOTICE:  schema \"financial_core\" does not exist, skipping\npsql:/tmp/f15-qual-reset-sZtEQ9/f15-qualification-reset.sql:559: NOTICE:  schema \"financial_core\" does not exist, skipping\npsql:/tmp/f15-qual-reset-sZtEQ9/f15-qualification-reset.sql:559: NOTICE:  schema \"financial_core\" does not exist, skipping\npsql:/tmp/f15-qual-reset-sZtEQ9/f15-qualification-reset.sql:559: NOTICE:  schema \"financial_core\" does not exist, skipping\npsql:/tmp/f15-qual-reset-sZtEQ9/f15-qualification-reset.sql:559: NOTICE:  schema \"financial_core\" does not exist, skipping\npsql:/tmp/f15-qual-reset-sZtEQ9/f15-qualification-reset.sql:559: NOTICE:  schema \"financial_core\" does not exist, skipping\npsql:/tmp/f15-qual-reset-sZtEQ9/f15-qualification-reset.sql:559: NOTICE:  schema \"financial_core\" does not exist, skipping\npsql:/tmp/f15-qual-reset-sZtEQ9/f15-qualification-reset.sql:559: NOTICE:  schema \"financial_private\" does not exist, skipping\npsql:/tmp/f15-qual-reset-sZtEQ9/f15-qualification-reset.sql:559: NOTICE:  schema \"financial_core\" does not exist, skipping\npsql:/tmp/f15-qual-reset-sZtEQ9/f15-qualification-reset.sql:559: NOTICE:  schema \"financial_core\" does not exist, skipping\npsql:/tmp/f15-qual-reset-sZtEQ9/f15-qualification-reset.sql:559: NOTICE:  schema \"financial_core\" does not exist, skipping\npsql:/tmp/f15-qual-reset-sZtEQ9/f15-qualification-reset.sql:559: NOTICE:  table \"financial_postings\" does not exist, skipping\npsql:/tmp/f15-qual-reset-sZtEQ9/f15-qualification-reset.sql:559: NOTICE:  table \"financial_events\" does not exist, skipping\npsql:/tmp/f15-qual-reset-sZtEQ9/f15-qualification-reset.sql:559: NOTICE:  table \"financial_categories\" does not exist, skipping\npsql:/tmp/f15-qual-reset-sZtEQ9/f15-qualification-reset.sql:559: NOTICE:  table \"financial_funds\" does not exist, skipping\npsql:/tmp/f15-qual-reset-sZtEQ9/f15-qualification-reset.sql:559: NOTICE:  table \"financial_ledger_epochs\" does not exist, skipping\npsql:/tmp/f15-qual-reset-sZtEQ9/f15-qualification-reset.sql:559: NOTICE:  schema \"financial_private\" does not exist, skipping\npsql:/tmp/f15-qual-reset-sZtEQ9/f15-qualification-reset.sql:559: NOTICE:  schema \"financial_private\" does not exist, skipping\npsql:/tmp/f15-qual-reset-sZtEQ9/f15-qualification-reset.sql:559: NOTICE:  table \"notification_policy_triggers\" does not exist, skipping\npsql:/tmp/f15-qual-reset-sZtEQ9/f15-qualification-reset.sql:559: NOTICE:  table \"notification_policy_occurrences\" does not exist, skipping\npsql:/tmp/f15-qual-reset-sZtEQ9/f15-qualification-reset.sql:559: NOTICE:  table \"notification_policies\" does not exist, skipping\npsql:/tmp/f15-qual-reset-sZtEQ9/f15-qualification-reset.sql:559: NOTICE:  table \"position_assignments\" does not exist, skipping\npsql:/tmp/f15-qual-reset-sZtEQ9/f15-qualification-reset.sql:559: NOTICE:  table \"position_permissions\" does not exist, skipping\npsql:/tmp/f15-qual-reset-sZtEQ9/f15-qualification-reset.sql:559: NOTICE:  table \"group_positions\" does not exist, skipping\npsql:/tmp/f15-qual-reset-sZtEQ9/f15-qualification-reset.sql:559: NOTICE:  table \"hosting_swap_requests\" does not exist, skipping\npsql:/tmp/f15-qual-reset-sZtEQ9/f15-qualification-reset.sql:559: NOTICE:  table \"hosting_assignments\" does not exist, skipping\npsql:/tmp/f15-qual-reset-sZtEQ9/f15-qualification-reset.sql:559: NOTICE:  table \"hosting_rosters\" does not exist, skipping\npsql:/tmp/f15-qual-reset-sZtEQ9/f15-qualification-reset.sql:559: NOTICE:  table \"payment_obligation_applications\" does not exist, skipping\npsql:/tmp/f15-qual-reset-sZtEQ9/f15-qualification-reset.sql:559: NOTICE:  table \"payments\" does not exist, skipping\npsql:/tmp/f15-qual-reset-sZtEQ9/f15-qualification-reset.sql:559: NOTICE:  table \"contribution_obligations\" does not exist, skipping\npsql:/tmp/f15-qual-reset-sZtEQ9/f15-qualification-reset.sql:559: NOTICE:  table \"relief_remittances\" does not exist, skipping\npsql:/tmp/f15-qual-reset-sZtEQ9/f15-qualification-reset.sql:559: NOTICE:  table \"relief_claims\" does not exist, skipping\npsql:/tmp/f15-qual-reset-sZtEQ9/f15-qualification-reset.sql:559: NOTICE:  table \"relief_enrollments\" does not exist, skipping\npsql:/tmp/f15-qual-reset-sZtEQ9/f15-qualification-reset.sql:559: NOTICE:  table \"relief_plans\" does not exist, skipping\npsql:/tmp/f15-qual-reset-sZtEQ9/f15-qualification-reset.sql:559: NOTICE:  table \"fines\" does not exist, skipping\npsql:/tmp/f15-qual-reset-sZtEQ9/f15-qualification-reset.sql:559: NOTICE:  table \"member_transfers\" does not exist, skipping\npsql:/tmp/f15-qual-reset-sZtEQ9/f15-qualification-reset.sql:559: NOTICE:  table \"invitations\" does not exist, skipping\npsql:/tmp/f15-qual-reset-sZtEQ9/f15-qualification-reset.sql:559: NOTICE:  table \"elections\" does not exist, skipping\npsql:/tmp/f15-qual-reset-sZtEQ9/f15-qualification-reset.sql:559: NOTICE:  table \"events\" does not exist, skipping\npsql:/tmp/f15-qual-reset-sZtEQ9/f15-qualification-reset.sql:559: NOTICE:  table \"meeting_minutes\" does not exist, skipping\npsql:/tmp/f15-qual-reset-sZtEQ9/f15-qualification-reset.sql:559: NOTICE:  table \"announcements\" does not exist, skipping\npsql:/tmp/f15-qual-reset-sZtEQ9/f15-qualification-reset.sql:559: NOTICE:  table \"notifications_queue\" does not exist, skipping\npsql:/tmp/f15-qual-reset-sZtEQ9/f15-qualification-reset.sql:559: NOTICE:  table \"loans\" does not exist, skipping\npsql:/tmp/f15-qual-reset-sZtEQ9/f15-qualification-reset.sql:559: NOTICE:  table \"projects\" does not exist, skipping\npsql:/tmp/f15-qual-reset-sZtEQ9/f15-qualification-reset.sql:559: NOTICE:  table \"group_subscriptions\" does not exist, skipping\npsql:/tmp/f15-qual-reset-sZtEQ9/f15-qualification-reset.sql:559: NOTICE:  table \"memberships\" does not exist, skipping\npsql:/tmp/f15-qual-reset-sZtEQ9/f15-qualification-reset.sql:559: NOTICE:  table \"groups\" does not exist, skipping\npsql:/tmp/f15-qual-reset-sZtEQ9/f15-qualification-reset.sql:559: NOTICE:  table \"profiles\" does not exist, skipping\npsql:/tmp/f15-qual-reset-sZtEQ9/f15-qualification-reset.sql:559: NOTICE:  table \"organizations\" does not exist, skipping\npsql:/tmp/f15-qual-reset-sZtEQ9/f15-qualification-reset.sql:559: NOTICE:  table \"__f3_acl_platform_canary_20260915\" does not exist, skipping\npsql:/tmp/f15-qual-reset-sZtEQ9/f15-qualification-reset.sql:559: NOTICE:  sequence \"__f3_acl_platform_canary_20260915_id_seq\" does not exist, skipping\npsql:/tmp/f15-qual-reset-sZtEQ9/f15-qualification-reset.sql:559: NOTICE:  type \"public.financial_account_kind\" does not exist, skipping\npsql:/tmp/f15-qual-reset-sZtEQ9/f15-qualification-reset.sql:559: NOTICE:  type \"public.financial_account_status\" does not exist, skipping\npsql:/tmp/f15-qual-reset-sZtEQ9/f15-qualification-reset.sql:559: NOTICE:  type \"public.financial_category_class\" does not exist, skipping\npsql:/tmp/f15-qual-reset-sZtEQ9/f15-qualification-reset.sql:559: NOTICE:  type \"public.financial_config_status\" does not exist, skipping\npsql:/tmp/f15-qual-reset-sZtEQ9/f15-qualification-reset.sql:559: NOTICE:  type \"public.financial_control_class\" does not exist, skipping\npsql:/tmp/f15-qual-reset-sZtEQ9/f15-qualification-reset.sql:559: NOTICE:  type \"public.financial_event_class\" does not exist, skipping\npsql:/tmp/f15-qual-reset-sZtEQ9/f15-qualification-reset.sql:559: NOTICE:  type \"public.financial_event_status\" does not exist, skipping\npsql:/tmp/f15-qual-reset-sZtEQ9/f15-qualification-reset.sql:559: NOTICE:  type \"public.notification_channel\" does not exist, skipping\n"
    },
    {
      "id": "TX_UNEXPECTED_OBJECT_ROLLBACK",
      "kind": "scenario",
      "ok": true,
      "capture": "eligible-then-sentinel-after-capture",
      "resetApply": 1,
      "sql": true,
      "observedPhase": "T2_LOCK",
      "commit": false,
      "rollback": null,
      "replay": false,
      "code": "F13_RESET_SQL_FAILED",
      "verdict": "HOLD",
      "executedTransaction": true,
      "note": "object introduced after capture is TX-revalidated; sentinel preserved",
      "captureCalls": 1,
      "transportCalls": 1,
      "applyCalls": 1,
      "sqlCalls": 1,
      "mutationPhaseReached": false,
      "processStatus": 3,
      "stdout": "{\"schema\":\"f15-qualification-reset-tx-observation-v1\",\"phase\":\"T1_BEGIN\",\"event\":\"began\"}\n{\"schema\":\"f15-qualification-reset-tx-observation-v1\",\"phase\":\"T2_LOCK\",\"event\":\"locked\"}\n",
      "stderr": "psql:/tmp/f15-qual-reset-cPS6ar/f15-qualification-reset.sql:334: ERROR:  F13_UNEXPECTED_OBJECT_OR_DEPENDENCY: public.unexpected_view\nCONTEXT:  PL/pgSQL function inline_code_block line 25 at RAISE\n"
    },
    {
      "id": "TX_HISTORY_MISMATCH_ROLLBACK",
      "kind": "scenario",
      "ok": true,
      "capture": "eligible-then-history-mutated-after-capture",
      "resetApply": 1,
      "sql": true,
      "observedPhase": "T2_LOCK",
      "commit": false,
      "rollback": null,
      "replay": false,
      "code": "F13_RESET_SQL_FAILED",
      "verdict": "HOLD",
      "executedTransaction": true,
      "note": "history mismatch after capture rolls back; mutated history retained",
      "captureCalls": 1,
      "transportCalls": 1,
      "applyCalls": 1,
      "sqlCalls": 1,
      "mutationPhaseReached": false,
      "processStatus": 3,
      "stdout": "{\"schema\":\"f15-qualification-reset-tx-observation-v1\",\"phase\":\"T1_BEGIN\",\"event\":\"began\"}\n{\"schema\":\"f15-qualification-reset-tx-observation-v1\",\"phase\":\"T2_LOCK\",\"event\":\"locked\"}\n",
      "stderr": "psql:/tmp/f15-qual-reset-5V19dJ/f15-qualification-reset.sql:334: ERROR:  F13_HISTORY_KEY_MISMATCH: version 20260913173000 name wrong_source_label\nCONTEXT:  PL/pgSQL function inline_code_block line 128 at RAISE\n"
    },
    {
      "id": "TX_T3_UNAPPROVED_FK_ROLLBACK",
      "kind": "scenario",
      "ok": true,
      "capture": "approved-set-then-unapproved-fk-after-capture-before-lock",
      "resetApply": 1,
      "sql": true,
      "observedPhase": "T2_LOCK",
      "commit": false,
      "rollback": null,
      "replay": false,
      "code": "F13_RESET_SQL_FAILED",
      "verdict": "HOLD",
      "executedTransaction": true,
      "note": "unapproved FK between allowlisted tables after capture is T3-rejected; injected change retained",
      "captureCalls": 1,
      "transportCalls": 1,
      "applyCalls": 1,
      "sqlCalls": 1,
      "mutationPhaseReached": false,
      "processStatus": 3,
      "stdout": "{\"schema\":\"f15-qualification-reset-tx-observation-v1\",\"phase\":\"T1_BEGIN\",\"event\":\"began\"}\n{\"schema\":\"f15-qualification-reset-tx-observation-v1\",\"phase\":\"T2_LOCK\",\"event\":\"locked\"}\n",
      "stderr": "psql:/tmp/f15-qual-reset-3w6RMx/f15-qualification-reset.sql:334: ERROR:  F13_UNEXPECTED_OBJECT_OR_DEPENDENCY: live tuple not in FINITE_DEPENDENCY_ALLOWLIST foreign_key|unapproved_accounts_groups_fkey|public.financial_accounts|public.groups\nCONTEXT:  PL/pgSQL function inline_code_block line 82 at RAISE\n"
    },
    {
      "id": "TX_T3_RETARGETED_FK_ROLLBACK",
      "kind": "scenario",
      "ok": true,
      "capture": "approved-identity-then-retargeted-after-capture-before-lock",
      "resetApply": 1,
      "sql": true,
      "observedPhase": "T2_LOCK",
      "commit": false,
      "rollback": null,
      "replay": false,
      "code": "F13_RESET_SQL_FAILED",
      "verdict": "HOLD",
      "executedTransaction": true,
      "note": "approved FK identity retargeted after capture is T3-rejected; retarget retained",
      "captureCalls": 1,
      "transportCalls": 1,
      "applyCalls": 1,
      "sqlCalls": 1,
      "mutationPhaseReached": false,
      "processStatus": 3,
      "stdout": "{\"schema\":\"f15-qualification-reset-tx-observation-v1\",\"phase\":\"T1_BEGIN\",\"event\":\"began\"}\n{\"schema\":\"f15-qualification-reset-tx-observation-v1\",\"phase\":\"T2_LOCK\",\"event\":\"locked\"}\n",
      "stderr": "psql:/tmp/f15-qual-reset-3Byh4U/f15-qualification-reset.sql:334: ERROR:  F13_UNEXPECTED_OBJECT_OR_DEPENDENCY: live tuple not in FINITE_DEPENDENCY_ALLOWLIST foreign_key|memberships_group_id_fkey|public.memberships|public.profiles\nCONTEXT:  PL/pgSQL function inline_code_block line 82 at RAISE\n"
    },
    {
      "id": "TX_T3_APPROVED_SET_SUCCESS",
      "kind": "scenario",
      "ok": true,
      "capture": "unchanged-approved-dependency-set",
      "resetApply": 1,
      "sql": true,
      "observedPhase": "T7_COMMIT",
      "commit": true,
      "rollback": null,
      "replay": false,
      "code": null,
      "verdict": "CLEAN_BASELINE",
      "executedTransaction": true,
      "note": "unchanged approved dependency set commits CLEAN_BASELINE",
      "captureCalls": 1,
      "transportCalls": 1,
      "applyCalls": 1,
      "sqlCalls": 1,
      "mutationPhaseReached": true,
      "processStatus": 0,
      "stdout": "{\"schema\":\"f15-qualification-reset-tx-observation-v1\",\"phase\":\"T1_BEGIN\",\"event\":\"began\"}\n{\"schema\":\"f15-qualification-reset-tx-observation-v1\",\"phase\":\"T2_LOCK\",\"event\":\"locked\"}\n{\"schema\":\"f15-qualification-reset-tx-observation-v1\",\"phase\":\"T3_REVALIDATE\",\"event\":\"revalidated\"}\n{\"schema\":\"f15-qualification-reset-tx-observation-v1\",\"phase\":\"T4_MUTATE\",\"event\":\"mutate_attempted\"}\n{\"schema\":\"f15-qualification-reset-tx-observation-v1\",\"phase\":\"T5_AFFECTED\",\"event\":\"affected_checked\"}\n{\"schema\":\"f15-qualification-reset-tx-observation-v1\",\"phase\":\"T6_FINAL\",\"event\":\"final_ok\"}\n{\"schema\":\"f15-qualification-reset-tx-observation-v1\",\"phase\":\"T7_COMMIT\",\"event\":\"commit_attempted\"}\n{\"schema\":\"f15-qualification-reset-tx-observation-v1\",\"phase\":\"T7_COMMIT\",\"event\":\"committed\",\"committed\":true}\n",
      "stderr": "psql:/tmp/f15-qual-reset-aBUUrA/f15-qualification-reset.sql:559: NOTICE:  function public.get_financial_cashbook(uuid,pg_catalog.timestamptz,pg_catalog.timestamptz,uuid,text,pg_catalog.int4,pg_catalog.int4) does not exist, skipping\npsql:/tmp/f15-qual-reset-aBUUrA/f15-qualification-reset.sql:559: NOTICE:  function public.get_financial_projection_bundle(uuid,pg_catalog.timestamptz,pg_catalog.timestamptz,pg_catalog.timestamptz) does not exist, skipping\npsql:/tmp/f15-qual-reset-aBUUrA/f15-qualification-reset.sql:559: NOTICE:  function public.post_financial_command(jsonb) does not exist, skipping\npsql:/tmp/f15-qual-reset-aBUUrA/f15-qualification-reset.sql:559: NOTICE:  function public.correct_financial_event(jsonb) does not exist, skipping\npsql:/tmp/f15-qual-reset-aBUUrA/f15-qualification-reset.sql:559: NOTICE:  type \"notification_channel\" does not exist, skipping\npsql:/tmp/f15-qual-reset-aBUUrA/f15-qualification-reset.sql:559: NOTICE:  function public.execute_member_transfer(jsonb) does not exist, skipping\npsql:/tmp/f15-qual-reset-aBUUrA/f15-qualification-reset.sql:559: NOTICE:  function public.request_member_transfer(jsonb) does not exist, skipping\npsql:/tmp/f15-qual-reset-aBUUrA/f15-qualification-reset.sql:559: NOTICE:  function public.has_group_permission(uuid,text,uuid) does not exist, skipping\npsql:/tmp/f15-qual-reset-aBUUrA/f15-qualification-reset.sql:559: NOTICE:  function public.compute_member_standing(uuid) does not exist, skipping\npsql:/tmp/f15-qual-reset-aBUUrA/f15-qualification-reset.sql:559: NOTICE:  function public.m2_is_valid_iana_timezone(text) does not exist, skipping\npsql:/tmp/f15-qual-reset-aBUUrA/f15-qualification-reset.sql:559: NOTICE:  function public.notification_policy_set_updated_at() does not exist, skipping\npsql:/tmp/f15-qual-reset-aBUUrA/f15-qualification-reset.sql:559: NOTICE:  function public.uuid_generate_v5(uuid,text) does not exist, skipping\npsql:/tmp/f15-qual-reset-aBUUrA/f15-qualification-reset.sql:559: NOTICE:  schema \"financial_core\" does not exist, skipping\npsql:/tmp/f15-qual-reset-aBUUrA/f15-qualification-reset.sql:559: NOTICE:  schema \"financial_core\" does not exist, skipping\npsql:/tmp/f15-qual-reset-aBUUrA/f15-qualification-reset.sql:559: NOTICE:  schema \"financial_core\" does not exist, skipping\npsql:/tmp/f15-qual-reset-aBUUrA/f15-qualification-reset.sql:559: NOTICE:  schema \"financial_core\" does not exist, skipping\npsql:/tmp/f15-qual-reset-aBUUrA/f15-qualification-reset.sql:559: NOTICE:  schema \"financial_core\" does not exist, skipping\npsql:/tmp/f15-qual-reset-aBUUrA/f15-qualification-reset.sql:559: NOTICE:  schema \"financial_core\" does not exist, skipping\npsql:/tmp/f15-qual-reset-aBUUrA/f15-qualification-reset.sql:559: NOTICE:  schema \"financial_core\" does not exist, skipping\npsql:/tmp/f15-qual-reset-aBUUrA/f15-qualification-reset.sql:559: NOTICE:  schema \"financial_core\" does not exist, skipping\npsql:/tmp/f15-qual-reset-aBUUrA/f15-qualification-reset.sql:559: NOTICE:  schema \"financial_core\" does not exist, skipping\npsql:/tmp/f15-qual-reset-aBUUrA/f15-qualification-reset.sql:559: NOTICE:  schema \"financial_core\" does not exist, skipping\npsql:/tmp/f15-qual-reset-aBUUrA/f15-qualification-reset.sql:559: NOTICE:  schema \"financial_core\" does not exist, skipping\npsql:/tmp/f15-qual-reset-aBUUrA/f15-qualification-reset.sql:559: NOTICE:  schema \"financial_core\" does not exist, skipping\npsql:/tmp/f15-qual-reset-aBUUrA/f15-qualification-reset.sql:559: NOTICE:  schema \"financial_core\" does not exist, skipping\npsql:/tmp/f15-qual-reset-aBUUrA/f15-qualification-reset.sql:559: NOTICE:  schema \"financial_core\" does not exist, skipping\npsql:/tmp/f15-qual-reset-aBUUrA/f15-qualification-reset.sql:559: NOTICE:  schema \"financial_core\" does not exist, skipping\npsql:/tmp/f15-qual-reset-aBUUrA/f15-qualification-reset.sql:559: NOTICE:  schema \"financial_core\" does not exist, skipping\npsql:/tmp/f15-qual-reset-aBUUrA/f15-qualification-reset.sql:559: NOTICE:  schema \"financial_core\" does not exist, skipping\npsql:/tmp/f15-qual-reset-aBUUrA/f15-qualification-reset.sql:559: NOTICE:  schema \"financial_core\" does not exist, skipping\npsql:/tmp/f15-qual-reset-aBUUrA/f15-qualification-reset.sql:559: NOTICE:  schema \"financial_core\" does not exist, skipping\npsql:/tmp/f15-qual-reset-aBUUrA/f15-qualification-reset.sql:559: NOTICE:  schema \"financial_core\" does not exist, skipping\npsql:/tmp/f15-qual-reset-aBUUrA/f15-qualification-reset.sql:559: NOTICE:  schema \"financial_core\" does not exist, skipping\npsql:/tmp/f15-qual-reset-aBUUrA/f15-qualification-reset.sql:559: NOTICE:  schema \"financial_core\" does not exist, skipping\npsql:/tmp/f15-qual-reset-aBUUrA/f15-qualification-reset.sql:559: NOTICE:  schema \"financial_core\" does not exist, skipping\npsql:/tmp/f15-qual-reset-aBUUrA/f15-qualification-reset.sql:559: NOTICE:  schema \"financial_core\" does not exist, skipping\npsql:/tmp/f15-qual-reset-aBUUrA/f15-qualification-reset.sql:559: NOTICE:  schema \"financial_core\" does not exist, skipping\npsql:/tmp/f15-qual-reset-aBUUrA/f15-qualification-reset.sql:559: NOTICE:  schema \"financial_core\" does not exist, skipping\npsql:/tmp/f15-qual-reset-aBUUrA/f15-qualification-reset.sql:559: NOTICE:  schema \"financial_core\" does not exist, skipping\npsql:/tmp/f15-qual-reset-aBUUrA/f15-qualification-reset.sql:559: NOTICE:  schema \"financial_core\" does not exist, skipping\npsql:/tmp/f15-qual-reset-aBUUrA/f15-qualification-reset.sql:559: NOTICE:  schema \"financial_core\" does not exist, skipping\npsql:/tmp/f15-qual-reset-aBUUrA/f15-qualification-reset.sql:559: NOTICE:  schema \"financial_core\" does not exist, skipping\npsql:/tmp/f15-qual-reset-aBUUrA/f15-qualification-reset.sql:559: NOTICE:  schema \"financial_core\" does not exist, skipping\npsql:/tmp/f15-qual-reset-aBUUrA/f15-qualification-reset.sql:559: NOTICE:  schema \"financial_core\" does not exist, skipping\npsql:/tmp/f15-qual-reset-aBUUrA/f15-qualification-reset.sql:559: NOTICE:  schema \"financial_core\" does not exist, skipping\npsql:/tmp/f15-qual-reset-aBUUrA/f15-qualification-reset.sql:559: NOTICE:  schema \"financial_core\" does not exist, skipping\npsql:/tmp/f15-qual-reset-aBUUrA/f15-qualification-reset.sql:559: NOTICE:  schema \"financial_core\" does not exist, skipping\npsql:/tmp/f15-qual-reset-aBUUrA/f15-qualification-reset.sql:559: NOTICE:  schema \"financial_core\" does not exist, skipping\npsql:/tmp/f15-qual-reset-aBUUrA/f15-qualification-reset.sql:559: NOTICE:  schema \"financial_core\" does not exist, skipping\npsql:/tmp/f15-qual-reset-aBUUrA/f15-qualification-reset.sql:559: NOTICE:  schema \"financial_core\" does not exist, skipping\npsql:/tmp/f15-qual-reset-aBUUrA/f15-qualification-reset.sql:559: NOTICE:  schema \"financial_core\" does not exist, skipping\npsql:/tmp/f15-qual-reset-aBUUrA/f15-qualification-reset.sql:559: NOTICE:  schema \"financial_core\" does not exist, skipping\npsql:/tmp/f15-qual-reset-aBUUrA/f15-qualification-reset.sql:559: NOTICE:  schema \"financial_core\" does not exist, skipping\npsql:/tmp/f15-qual-reset-aBUUrA/f15-qualification-reset.sql:559: NOTICE:  schema \"financial_core\" does not exist, skipping\npsql:/tmp/f15-qual-reset-aBUUrA/f15-qualification-reset.sql:559: NOTICE:  schema \"financial_core\" does not exist, skipping\npsql:/tmp/f15-qual-reset-aBUUrA/f15-qualification-reset.sql:559: NOTICE:  schema \"financial_core\" does not exist, skipping\npsql:/tmp/f15-qual-reset-aBUUrA/f15-qualification-reset.sql:559: NOTICE:  schema \"financial_private\" does not exist, skipping\npsql:/tmp/f15-qual-reset-aBUUrA/f15-qualification-reset.sql:559: NOTICE:  schema \"financial_core\" does not exist, skipping\npsql:/tmp/f15-qual-reset-aBUUrA/f15-qualification-reset.sql:559: NOTICE:  schema \"financial_core\" does not exist, skipping\npsql:/tmp/f15-qual-reset-aBUUrA/f15-qualification-reset.sql:559: NOTICE:  schema \"financial_core\" does not exist, skipping\npsql:/tmp/f15-qual-reset-aBUUrA/f15-qualification-reset.sql:559: NOTICE:  table \"financial_postings\" does not exist, skipping\npsql:/tmp/f15-qual-reset-aBUUrA/f15-qualification-reset.sql:559: NOTICE:  table \"financial_events\" does not exist, skipping\npsql:/tmp/f15-qual-reset-aBUUrA/f15-qualification-reset.sql:559: NOTICE:  table \"financial_categories\" does not exist, skipping\npsql:/tmp/f15-qual-reset-aBUUrA/f15-qualification-reset.sql:559: NOTICE:  table \"financial_funds\" does not exist, skipping\npsql:/tmp/f15-qual-reset-aBUUrA/f15-qualification-reset.sql:559: NOTICE:  table \"financial_ledger_epochs\" does not exist, skipping\npsql:/tmp/f15-qual-reset-aBUUrA/f15-qualification-reset.sql:559: NOTICE:  schema \"financial_private\" does not exist, skipping\npsql:/tmp/f15-qual-reset-aBUUrA/f15-qualification-reset.sql:559: NOTICE:  schema \"financial_private\" does not exist, skipping\npsql:/tmp/f15-qual-reset-aBUUrA/f15-qualification-reset.sql:559: NOTICE:  table \"notification_policy_triggers\" does not exist, skipping\npsql:/tmp/f15-qual-reset-aBUUrA/f15-qualification-reset.sql:559: NOTICE:  table \"notification_policy_occurrences\" does not exist, skipping\npsql:/tmp/f15-qual-reset-aBUUrA/f15-qualification-reset.sql:559: NOTICE:  table \"notification_policies\" does not exist, skipping\npsql:/tmp/f15-qual-reset-aBUUrA/f15-qualification-reset.sql:559: NOTICE:  table \"position_assignments\" does not exist, skipping\npsql:/tmp/f15-qual-reset-aBUUrA/f15-qualification-reset.sql:559: NOTICE:  table \"position_permissions\" does not exist, skipping\npsql:/tmp/f15-qual-reset-aBUUrA/f15-qualification-reset.sql:559: NOTICE:  table \"group_positions\" does not exist, skipping\npsql:/tmp/f15-qual-reset-aBUUrA/f15-qualification-reset.sql:559: NOTICE:  table \"hosting_swap_requests\" does not exist, skipping\npsql:/tmp/f15-qual-reset-aBUUrA/f15-qualification-reset.sql:559: NOTICE:  table \"hosting_assignments\" does not exist, skipping\npsql:/tmp/f15-qual-reset-aBUUrA/f15-qualification-reset.sql:559: NOTICE:  table \"hosting_rosters\" does not exist, skipping\npsql:/tmp/f15-qual-reset-aBUUrA/f15-qualification-reset.sql:559: NOTICE:  table \"payment_obligation_applications\" does not exist, skipping\npsql:/tmp/f15-qual-reset-aBUUrA/f15-qualification-reset.sql:559: NOTICE:  table \"payments\" does not exist, skipping\npsql:/tmp/f15-qual-reset-aBUUrA/f15-qualification-reset.sql:559: NOTICE:  table \"contribution_obligations\" does not exist, skipping\npsql:/tmp/f15-qual-reset-aBUUrA/f15-qualification-reset.sql:559: NOTICE:  table \"relief_remittances\" does not exist, skipping\npsql:/tmp/f15-qual-reset-aBUUrA/f15-qualification-reset.sql:559: NOTICE:  table \"relief_claims\" does not exist, skipping\npsql:/tmp/f15-qual-reset-aBUUrA/f15-qualification-reset.sql:559: NOTICE:  table \"relief_enrollments\" does not exist, skipping\npsql:/tmp/f15-qual-reset-aBUUrA/f15-qualification-reset.sql:559: NOTICE:  table \"relief_plans\" does not exist, skipping\npsql:/tmp/f15-qual-reset-aBUUrA/f15-qualification-reset.sql:559: NOTICE:  table \"fines\" does not exist, skipping\npsql:/tmp/f15-qual-reset-aBUUrA/f15-qualification-reset.sql:559: NOTICE:  table \"member_transfers\" does not exist, skipping\npsql:/tmp/f15-qual-reset-aBUUrA/f15-qualification-reset.sql:559: NOTICE:  table \"invitations\" does not exist, skipping\npsql:/tmp/f15-qual-reset-aBUUrA/f15-qualification-reset.sql:559: NOTICE:  table \"elections\" does not exist, skipping\npsql:/tmp/f15-qual-reset-aBUUrA/f15-qualification-reset.sql:559: NOTICE:  table \"events\" does not exist, skipping\npsql:/tmp/f15-qual-reset-aBUUrA/f15-qualification-reset.sql:559: NOTICE:  table \"meeting_minutes\" does not exist, skipping\npsql:/tmp/f15-qual-reset-aBUUrA/f15-qualification-reset.sql:559: NOTICE:  table \"announcements\" does not exist, skipping\npsql:/tmp/f15-qual-reset-aBUUrA/f15-qualification-reset.sql:559: NOTICE:  table \"notifications_queue\" does not exist, skipping\npsql:/tmp/f15-qual-reset-aBUUrA/f15-qualification-reset.sql:559: NOTICE:  table \"loans\" does not exist, skipping\npsql:/tmp/f15-qual-reset-aBUUrA/f15-qualification-reset.sql:559: NOTICE:  table \"projects\" does not exist, skipping\npsql:/tmp/f15-qual-reset-aBUUrA/f15-qualification-reset.sql:559: NOTICE:  table \"group_subscriptions\" does not exist, skipping\npsql:/tmp/f15-qual-reset-aBUUrA/f15-qualification-reset.sql:559: NOTICE:  table \"organizations\" does not exist, skipping\npsql:/tmp/f15-qual-reset-aBUUrA/f15-qualification-reset.sql:559: NOTICE:  table \"__f3_acl_platform_canary_20260915\" does not exist, skipping\npsql:/tmp/f15-qual-reset-aBUUrA/f15-qualification-reset.sql:559: NOTICE:  sequence \"__f3_acl_platform_canary_20260915_id_seq\" does not exist, skipping\npsql:/tmp/f15-qual-reset-aBUUrA/f15-qualification-reset.sql:559: NOTICE:  type \"public.financial_account_kind\" does not exist, skipping\npsql:/tmp/f15-qual-reset-aBUUrA/f15-qualification-reset.sql:559: NOTICE:  type \"public.financial_account_status\" does not exist, skipping\npsql:/tmp/f15-qual-reset-aBUUrA/f15-qualification-reset.sql:559: NOTICE:  type \"public.financial_category_class\" does not exist, skipping\npsql:/tmp/f15-qual-reset-aBUUrA/f15-qualification-reset.sql:559: NOTICE:  type \"public.financial_config_status\" does not exist, skipping\npsql:/tmp/f15-qual-reset-aBUUrA/f15-qualification-reset.sql:559: NOTICE:  type \"public.financial_control_class\" does not exist, skipping\npsql:/tmp/f15-qual-reset-aBUUrA/f15-qualification-reset.sql:559: NOTICE:  type \"public.financial_event_class\" does not exist, skipping\npsql:/tmp/f15-qual-reset-aBUUrA/f15-qualification-reset.sql:559: NOTICE:  type \"public.financial_event_status\" does not exist, skipping\npsql:/tmp/f15-qual-reset-aBUUrA/f15-qualification-reset.sql:559: NOTICE:  type \"public.notification_channel\" does not exist, skipping\n"
    }
  ],
  "passCount": 24,
  "failCount": 0,
  "overallOk": true
}
