{"phase":"start_seal","target":"127.0.0.1:55432","pg":"17.6","seal_db":"f3_reference_catalog_v5_20260915","envelope_ok":true,"module_ok":true,"closure_complete":true,"schemas":["f3-full-catalog-v5","f3-full-catalog-v5"]}
{
  "phase": "seal_complete",
  "ok": true,
  "status": "SEALED",
  "reason": null,
  "hashes": {
    "00118_f3_bounded_financial_epoch_foundation.sql": "888c794355982346573a3353caa7fa74181bc0048cc95990de60416de893ab1d",
    "00119_f3_01_core_ledger_foundation.sql": "5e03111ffb34be3ed76a714370c93e70210a9741a25ac7b9158a9a9ad22f12f4",
    "00120_f3_02_secure_posting_idempotency.sql": "35eba6966d2c077a9467f09adc6c85306b951c9d8388ee758a60d924c05ae51a",
    "00121_f3_03_projection_read_proof.sql": "8f65797949d8c5afb7dfa99b8020da52385347099b2a5b9be5148b253e76bde6",
    "00122_f3_04_correction_reversal.sql": "6e3240759aec64d4692422aac006b4fb865e3039832be84efea86b39c0253175",
    "00123_f3_05_opening_cash_command.sql": "d5e50fd760a9629bf4e1574fd256ecf0d4a108df83dec27323a608e0466dcb34"
  },
  "independentAgrees": true,
  "schema_version": "f3-full-catalog-v5",
  "serverVersion": "17.6 (Debian 17.6-2.pgdg13+1)",
  "stageComparisons": {
    "00118_f3_bounded_financial_epoch_foundation.sql": {
      "ok": true,
      "primarySha256": "888c794355982346573a3353caa7fa74181bc0048cc95990de60416de893ab1d",
      "independentSha256": "888c794355982346573a3353caa7fa74181bc0048cc95990de60416de893ab1d",
      "missingKeys": [],
      "extraKeys": [],
      "unequalKeys": []
    },
    "00119_f3_01_core_ledger_foundation.sql": {
      "ok": true,
      "primarySha256": "5e03111ffb34be3ed76a714370c93e70210a9741a25ac7b9158a9a9ad22f12f4",
      "independentSha256": "5e03111ffb34be3ed76a714370c93e70210a9741a25ac7b9158a9a9ad22f12f4",
      "missingKeys": [],
      "extraKeys": [],
      "unequalKeys": []
    },
    "00120_f3_02_secure_posting_idempotency.sql": {
      "ok": true,
      "primarySha256": "35eba6966d2c077a9467f09adc6c85306b951c9d8388ee758a60d924c05ae51a",
      "independentSha256": "35eba6966d2c077a9467f09adc6c85306b951c9d8388ee758a60d924c05ae51a",
      "missingKeys": [],
      "extraKeys": [],
      "unequalKeys": []
    },
    "00121_f3_03_projection_read_proof.sql": {
      "ok": true,
      "primarySha256": "8f65797949d8c5afb7dfa99b8020da52385347099b2a5b9be5148b253e76bde6",
      "independentSha256": "8f65797949d8c5afb7dfa99b8020da52385347099b2a5b9be5148b253e76bde6",
      "missingKeys": [],
      "extraKeys": [],
      "unequalKeys": []
    },
    "00122_f3_04_correction_reversal.sql": {
      "ok": true,
      "primarySha256": "6e3240759aec64d4692422aac006b4fb865e3039832be84efea86b39c0253175",
      "independentSha256": "6e3240759aec64d4692422aac006b4fb865e3039832be84efea86b39c0253175",
      "missingKeys": [],
      "extraKeys": [],
      "unequalKeys": []
    },
    "00123_f3_05_opening_cash_command.sql": {
      "ok": true,
      "primarySha256": "d5e50fd760a9629bf4e1574fd256ecf0d4a108df83dec27323a608e0466dcb34",
      "independentSha256": "d5e50fd760a9629bf4e1574fd256ecf0d4a108df83dec27323a608e0466dcb34",
      "missingKeys": [],
      "extraKeys": [],
      "unequalKeys": []
    }
  }
}
{
  "phase": "verify_complete",
  "all_builder_eq_reference": true,
  "all_tip_eq_independent": true,
  "all_cloud_eq_independent": true,
  "independent_hashes": {
    "00118_f3_bounded_financial_epoch_foundation.sql": "888c794355982346573a3353caa7fa74181bc0048cc95990de60416de893ab1d",
    "00119_f3_01_core_ledger_foundation.sql": "5e03111ffb34be3ed76a714370c93e70210a9741a25ac7b9158a9a9ad22f12f4",
    "00120_f3_02_secure_posting_idempotency.sql": "35eba6966d2c077a9467f09adc6c85306b951c9d8388ee758a60d924c05ae51a",
    "00121_f3_03_projection_read_proof.sql": "8f65797949d8c5afb7dfa99b8020da52385347099b2a5b9be5148b253e76bde6",
    "00122_f3_04_correction_reversal.sql": "6e3240759aec64d4692422aac006b4fb865e3039832be84efea86b39c0253175",
    "00123_f3_05_opening_cash_command.sql": "d5e50fd760a9629bf4e1574fd256ecf0d4a108df83dec27323a608e0466dcb34"
  },
  "tip_embedded": {
    "00118_f3_bounded_financial_epoch_foundation.sql": "888c794355982346573a3353caa7fa74181bc0048cc95990de60416de893ab1d",
    "00119_f3_01_core_ledger_foundation.sql": "5e03111ffb34be3ed76a714370c93e70210a9741a25ac7b9158a9a9ad22f12f4",
    "00120_f3_02_secure_posting_idempotency.sql": "35eba6966d2c077a9467f09adc6c85306b951c9d8388ee758a60d924c05ae51a",
    "00121_f3_03_projection_read_proof.sql": "8f65797949d8c5afb7dfa99b8020da52385347099b2a5b9be5148b253e76bde6",
    "00122_f3_04_correction_reversal.sql": "6e3240759aec64d4692422aac006b4fb865e3039832be84efea86b39c0253175",
    "00123_f3_05_opening_cash_command.sql": "d5e50fd760a9629bf4e1574fd256ecf0d4a108df83dec27323a608e0466dcb34"
  },
  "cloud_agent_v5": {
    "00118_f3_bounded_financial_epoch_foundation.sql": "888c794355982346573a3353caa7fa74181bc0048cc95990de60416de893ab1d",
    "00119_f3_01_core_ledger_foundation.sql": "5e03111ffb34be3ed76a714370c93e70210a9741a25ac7b9158a9a9ad22f12f4",
    "00120_f3_02_secure_posting_idempotency.sql": "35eba6966d2c077a9467f09adc6c85306b951c9d8388ee758a60d924c05ae51a",
    "00121_f3_03_projection_read_proof.sql": "8f65797949d8c5afb7dfa99b8020da52385347099b2a5b9be5148b253e76bde6",
    "00122_f3_04_correction_reversal.sql": "6e3240759aec64d4692422aac006b4fb865e3039832be84efea86b39c0253175",
    "00123_f3_05_opening_cash_command.sql": "d5e50fd760a9629bf4e1574fd256ecf0d4a108df83dec27323a608e0466dcb34"
  },
  "envelope_ok": true,
  "module_ok": true,
  "ready_candidate": true,
  "local_verdict": "READY_TO_FF",
  "hold_reasons": [],
  "partitions_reconcile_ok": true,
  "self_fk_ri_roles_ok": true
}
