{"phase":"start_seal","target":"127.0.0.1:55432","pg":"17.6","seal_db":"f3_reference_platform_seal_20260915"}
{
  "phase": "seal_complete",
  "ok": true,
  "status": "SEALED",
  "reason": null,
  "hashes": {
    "00118_f3_bounded_financial_epoch_foundation.sql": "72af66999f3a53a870cd1a5d0ed99a2acb7f510c69bfe16204b9fe0f217f757f",
    "00119_f3_01_core_ledger_foundation.sql": "af633e8c0c2cd5aa4df743960e03e5d9d2e17c36907c76cb9ee8ee2dfe8a2ebc",
    "00120_f3_02_secure_posting_idempotency.sql": "b1b3b3c3ab4163378c8dfdbeb1da1421a5a1480b5a457424da9bc4a885d1027c",
    "00121_f3_03_projection_read_proof.sql": "db68839cc5f61ab22a84a21965af4e90a41e7b4139a056c371aa0347eb4e04ca",
    "00122_f3_04_correction_reversal.sql": "d8b2d0316e555339bcd95e944fd23e5c7686f16fa34d1d4c4691d610b1dc7659",
    "00123_f3_05_opening_cash_command.sql": "07e984115ffc24f4e9e0f0d5d1d7f8c903c81064312e5c0b498e367ca11a0854"
  },
  "recognition": [
    "manual_income"
  ],
  "platform_acl_applied": true,
  "sealed_envelope_digest": "eb58900b492b95371decfdab86b3786afc2c8089c6b0a117497f9e0b22c41a2a"
}
{
  "phase": "verify_complete",
  "all_builder_eq_reference": true,
  "all_tip_eq_independent": true,
  "independent_hashes": {
    "00118_f3_bounded_financial_epoch_foundation.sql": "72af66999f3a53a870cd1a5d0ed99a2acb7f510c69bfe16204b9fe0f217f757f",
    "00119_f3_01_core_ledger_foundation.sql": "af633e8c0c2cd5aa4df743960e03e5d9d2e17c36907c76cb9ee8ee2dfe8a2ebc",
    "00120_f3_02_secure_posting_idempotency.sql": "b1b3b3c3ab4163378c8dfdbeb1da1421a5a1480b5a457424da9bc4a885d1027c",
    "00121_f3_03_projection_read_proof.sql": "db68839cc5f61ab22a84a21965af4e90a41e7b4139a056c371aa0347eb4e04ca",
    "00122_f3_04_correction_reversal.sql": "d8b2d0316e555339bcd95e944fd23e5c7686f16fa34d1d4c4691d610b1dc7659",
    "00123_f3_05_opening_cash_command.sql": "07e984115ffc24f4e9e0f0d5d1d7f8c903c81064312e5c0b498e367ca11a0854"
  },
  "tip_embedded": {
    "00118_f3_bounded_financial_epoch_foundation.sql": "72af66999f3a53a870cd1a5d0ed99a2acb7f510c69bfe16204b9fe0f217f757f",
    "00119_f3_01_core_ledger_foundation.sql": "af633e8c0c2cd5aa4df743960e03e5d9d2e17c36907c76cb9ee8ee2dfe8a2ebc",
    "00120_f3_02_secure_posting_idempotency.sql": "b1b3b3c3ab4163378c8dfdbeb1da1421a5a1480b5a457424da9bc4a885d1027c",
    "00121_f3_03_projection_read_proof.sql": "db68839cc5f61ab22a84a21965af4e90a41e7b4139a056c371aa0347eb4e04ca",
    "00122_f3_04_correction_reversal.sql": "d8b2d0316e555339bcd95e944fd23e5c7686f16fa34d1d4c4691d610b1dc7659",
    "00123_f3_05_opening_cash_command.sql": "07e984115ffc24f4e9e0f0d5d1d7f8c903c81064312e5c0b498e367ca11a0854"
  },
  "envelope_ok": true,
  "ready_candidate": true,
  "local_00118_equals_72af6699": true
}
