RUNNING test-f3-mapi-harness...
{"suite":"test-f3-mapi-harness","exit_code":0,"classification":"PASS","tests":22,"pass":22,"fail":0,"skipped":0,"sha256":"f18e9f6ece462db978132a6366e5d8dbbec08cf7ee481b92ad77a7720d2c492c","bytes":4558}
RUNNING test-f3-recognition...
{"suite":"test-f3-recognition","exit_code":0,"classification":"PASS","tests":40,"pass":40,"fail":0,"skipped":0,"sha256":"2f845f5162d74dfc6eaba16f8fe97908e03352512b3342eda8bfadd4a26c175f","bytes":7561}
RUNNING test-m2-static-security...
{"suite":"test-m2-static-security","exit_code":0,"classification":"PASS","tests":9,"pass":9,"fail":0,"skipped":0,"sha256":"3a5c1a8d05b248c702b32ae22562c34c8a690672ec7d107a5f1feacd3c330210","bytes":1914}
RUNNING test-m2...
{"suite":"test-m2","exit_code":0,"classification":"PASS","tests":111,"pass":111,"fail":0,"skipped":0,"sha256":"240ff768156c82d3bd18c02a99227badfc080c310c98c718f03480d59f52bc47","bytes":22497}
RUNNING test-s0-cut1...
{"suite":"test-s0-cut1","exit_code":1,"classification":"FAIL","tests":0,"pass":0,"fail":0,"skipped":0,"sha256":"476cdb30f11dac0f97afda8d94fa99784d4d2ca05985ab3fc240a616812f4004","bytes":357}
RUNNING test-s0-cut2...
{"suite":"test-s0-cut2","exit_code":1,"classification":"ENV_DEPENDENT_FAIL","tests":21,"pass":14,"fail":7,"skipped":0,"sha256":"3f63ac39c63d75ce04e784e3a995a3079e7d78bc61a75c74e2c39a989a514ddc","bytes":15582}
RUNNING test-storage-buckets...
{"suite":"test-storage-buckets","exit_code":0,"classification":"PASS","tests":11,"pass":11,"fail":0,"skipped":0,"sha256":"7a9af322e991f63385c6da7c438e5a801c6e75b6b0c8810d526354da1d8295c2","bytes":2426}
RUNNING test-f3-oracles...
{"suite":"test-f3-oracles","exit_code":0,"classification":"PASS","tests":577,"pass":577,"fail":0,"skipped":0,"sha256":"1b3258a6e0b158f1820b5a4762f531c6a950a9995084288a4d2e85e9bbbe1d53","bytes":87510}
RUNNING test-f3-local-safety...
{"suite":"test-f3-local-safety","exit_code":0,"classification":"PASS","tests":45,"pass":45,"fail":0,"skipped":0,"sha256":"4e7aa8ed8b559b4dd199892e439f8b4a5feb4dde671dcbf1f3d797544fedaf15","bytes":10224}
RUNNING test-f3-db-push...
{"suite":"test-f3-db-push","exit_code":0,"classification":"PASS_WITH_SKIPS","tests":125,"pass":124,"fail":0,"skipped":1,"sha256":"7d88c920f59d3a8a82e2635366c4ebe974308ed5c4fb0b872c01e602821383ed","bytes":130834}
RUNNING tsc-noEmit...
{"suite":"tsc-noEmit","exit_code":0,"classification":"PASS","tests":null,"pass":null,"fail":null,"skipped":null,"sha256":"e3b0c44298fc1c149afbf4c8996fb92427ae41e4649b934ca495991b7852b855","bytes":0}
RUNNING next-build...
{"suite":"next-build","exit_code":1,"classification":"FAIL","tests":null,"pass":null,"fail":null,"skipped":null,"sha256":"2542f25d8e48036403d4c80146dd9ec9f292a6561c8a69be50fbb476f01cad8a","bytes":2639}
SUITES_DONE {"db_push":{"tests":125,"pass":124,"fail":0,"skipped":1,"exit":0},"tsc":0,"build":1,"env_dependent":["test-s0-cut2"]}
