RUNNING test-f3-mapi-harness...
{"suite":"test-f3-mapi-harness","exit_code":0,"classification":"PASS","tests":22,"pass":22,"fail":0,"skipped":0,"sha256":"07e8ea87329928bb3a5645eb0108f670d476836fc71833af1ae90644fc6ea42f","bytes":4559}
RUNNING test-f3-recognition...
{"suite":"test-f3-recognition","exit_code":0,"classification":"PASS","tests":40,"pass":40,"fail":0,"skipped":0,"sha256":"f0f54d05ecdf7a1824c69f765d0e6166995218e73cefa8fa8d533e740407b789","bytes":7566}
RUNNING test-m2-static-security...
{"suite":"test-m2-static-security","exit_code":0,"classification":"PASS","tests":9,"pass":9,"fail":0,"skipped":0,"sha256":"2584046d5e0fcdd38ebfd295b43c075d7ae9c13c8d9987db0d4353456d21b095","bytes":1916}
RUNNING test-m2...
{"suite":"test-m2","exit_code":0,"classification":"PASS","tests":111,"pass":111,"fail":0,"skipped":0,"sha256":"5c123c5e837b5bc81183efa88155ac32df0db0b85c690db2185f9a519172c617","bytes":22523}
RUNNING test-s0-cut1...
{"suite":"test-s0-cut1","exit_code":1,"classification":"FAIL","tests":0,"pass":0,"fail":0,"skipped":0,"sha256":"cd3c0e6af1016523316f18f62320a9a07c38ad55dcca601101bca40edceaddc5","bytes":357}
RUNNING test-s0-cut2...
{"suite":"test-s0-cut2","exit_code":1,"classification":"ENV_DEPENDENT_FAIL","tests":21,"pass":14,"fail":7,"skipped":0,"sha256":"feb588ac5e9602d21a69c4b5d1fd52374ee2e873a7233ba9e093533d4e4372eb","bytes":15688}
RUNNING test-storage-buckets...
{"suite":"test-storage-buckets","exit_code":0,"classification":"PASS","tests":11,"pass":11,"fail":0,"skipped":0,"sha256":"61e76d218fea851fc89832f6dd45f4219505c002fcb7e834907c61779d299186","bytes":2427}
RUNNING test-f3-oracles...
{"suite":"test-f3-oracles","exit_code":0,"classification":"PASS","tests":577,"pass":577,"fail":0,"skipped":0,"sha256":"978ab8617a4bbb221d5e757d4c4cfd75c61bda3d4dab640aeadee79017d616fc","bytes":87534}
RUNNING test-f3-local-safety...
{"suite":"test-f3-local-safety","exit_code":0,"classification":"PASS","tests":45,"pass":45,"fail":0,"skipped":0,"sha256":"192c6e20cd7f7b1fd2803b96f09a57562538230d7c6ccf83ec1e6e5309f688f5","bytes":10223}
RUNNING test-f3-db-push...
{"suite":"test-f3-db-push","exit_code":0,"classification":"PASS_WITH_SKIPS","tests":123,"pass":122,"fail":0,"skipped":1,"sha256":"9aa1838b5450dd83adfd8e4ebc654cd49ec004ad3e32595dfbba656c067b17d7","bytes":92462}
RUNNING tsc-noEmit...
{"suite":"tsc-noEmit","exit_code":0,"classification":"PASS","tests":null,"pass":null,"fail":null,"skipped":null,"sha256":"e3b0c44298fc1c149afbf4c8996fb92427ae41e4649b934ca495991b7852b855","bytes":0}
RUNNING next-build...
{"suite":"next-build","exit_code":0,"classification":"PASS","tests":null,"pass":null,"fail":null,"skipped":null,"sha256":"9bff01d67ced6dba8d570ef264d06278af3eabb3d3f1b22b298ffd6c873ead7a","bytes":6884}
SUITES_DONE {"db_push":{"tests":123,"pass":122,"fail":0,"skipped":1,"exit":0},"tsc":0,"build":0,"env_dependent":["test-s0-cut2"]}
