
> villageclaq@0.1.0 prove:f3-qualification-reset-local
> node scripts/prove-f3-qualification-reset-local.mjs

{
  "schema": "f14-qualification-reset-local-proof-v1",
  "label": "F14 LOCAL CORRECTION CANDIDATE — AWAITING QA / LOCAL PROOF",
  "helper": "scripts/prove-f3-qualification-reset-local.mjs",
  "hostedIdentityProof": false,
  "disposableContact": false,
  "productionContact": false,
  "wipeRejectionCode": "F3_WIPE_FORBIDDEN_FOR_STUB_LIVE_PIN_AUTH",
  "mustLocal": true,
  "localPg": {
    "available": false,
    "reason": "psql: error: connection to server on socket \"/var/run/postgresql/.s.PGSQL.5432\" failed: FATAL:  Peer authentication failed for user \"ubuntu\"\n",
    "classification": "MUST_LOCAL"
  },
  "distinctions": {
    "checks": 9,
    "scenarios": 3,
    "executedTransactions": 0
  },
  "cases": [
    {
      "id": "WIPE_STILL_REJECTED",
      "kind": "check",
      "ok": true,
      "capture": null,
      "resetApply": null,
      "sql": null,
      "observedPhase": null,
      "commit": null,
      "rollback": null,
      "replay": false,
      "code": "F3_WIPE_FORBIDDEN_FOR_STUB_LIVE_PIN_AUTH",
      "verdict": null,
      "executedTransaction": false,
      "note": null
    },
    {
      "id": "INVENTORY_PSQL_ARGV_MACHINE_READABLE",
      "kind": "check",
      "ok": true,
      "capture": null,
      "resetApply": null,
      "sql": true,
      "observedPhase": null,
      "commit": null,
      "rollback": null,
      "replay": false,
      "code": null,
      "verdict": null,
      "executedTransaction": false,
      "note": null
    },
    {
      "id": "ALIGNED_FRAMING_REJECTED",
      "kind": "check",
      "ok": true,
      "capture": "rejected",
      "resetApply": null,
      "sql": null,
      "observedPhase": null,
      "commit": null,
      "rollback": null,
      "replay": false,
      "code": "F13_INVENTORY_CAPTURE_FRAMING",
      "verdict": null,
      "executedTransaction": false,
      "note": null
    },
    {
      "id": "FUNCTION_IDENTITY_NAMED_ARGS",
      "kind": "check",
      "ok": true,
      "capture": null,
      "resetApply": null,
      "sql": true,
      "observedPhase": null,
      "commit": null,
      "rollback": null,
      "replay": false,
      "code": null,
      "verdict": null,
      "executedTransaction": false,
      "note": null
    },
    {
      "id": "UNEXPECTED_OBJECT_BLOCKS",
      "kind": "check",
      "ok": true,
      "capture": null,
      "resetApply": null,
      "sql": null,
      "observedPhase": null,
      "commit": null,
      "rollback": null,
      "replay": false,
      "code": "F13_UNEXPECTED_OBJECT_OR_DEPENDENCY",
      "verdict": null,
      "executedTransaction": false,
      "note": null
    },
    {
      "id": "STATUS0_WITHOUT_COMMIT_OBS",
      "kind": "check",
      "ok": true,
      "capture": null,
      "resetApply": null,
      "sql": null,
      "observedPhase": null,
      "commit": false,
      "rollback": null,
      "replay": false,
      "code": null,
      "verdict": null,
      "executedTransaction": false,
      "note": null
    },
    {
      "id": "COMMIT_CONNECTION_LOSS_UNCERTAIN",
      "kind": "check",
      "ok": true,
      "capture": null,
      "resetApply": null,
      "sql": null,
      "observedPhase": "T7_COMMIT",
      "commit": false,
      "rollback": null,
      "replay": false,
      "code": null,
      "verdict": null,
      "executedTransaction": false,
      "note": null
    },
    {
      "id": "RUNTIME_CLOSURE_NOT_SUMMARY",
      "kind": "check",
      "ok": true,
      "capture": null,
      "resetApply": null,
      "sql": null,
      "observedPhase": null,
      "commit": null,
      "rollback": null,
      "replay": false,
      "code": null,
      "verdict": null,
      "executedTransaction": false,
      "note": null
    },
    {
      "id": "PROPOSED_HOSTED_PLAN_OFFLINE",
      "kind": "check",
      "ok": true,
      "capture": null,
      "resetApply": null,
      "sql": null,
      "observedPhase": null,
      "commit": null,
      "rollback": null,
      "replay": false,
      "code": null,
      "verdict": null,
      "executedTransaction": false,
      "note": null
    },
    {
      "id": "HARNESS_ELIGIBLE_LEFTOVER_COMMIT_OBS",
      "kind": "scenario",
      "ok": true,
      "capture": "harness-substitution",
      "resetApply": 1,
      "sql": true,
      "observedPhase": "T7_COMMIT",
      "commit": true,
      "rollback": null,
      "replay": false,
      "code": null,
      "verdict": "CLEAN_BASELINE",
      "executedTransaction": false,
      "note": "disabled adapter confined to helper/harness; not hosted identity proof"
    },
    {
      "id": "HARNESS_CLEAN_NO_MUTATION",
      "kind": "scenario",
      "ok": true,
      "capture": null,
      "resetApply": 0,
      "sql": null,
      "observedPhase": null,
      "commit": false,
      "rollback": null,
      "replay": false,
      "code": null,
      "verdict": "CLEAN_BASELINE",
      "executedTransaction": false,
      "note": "alreadyClean does not consume reset budget"
    },
    {
      "id": "HARNESS_UNCERTAIN_NO_REPLAY",
      "kind": "scenario",
      "ok": true,
      "capture": null,
      "resetApply": 1,
      "sql": null,
      "observedPhase": "T7_COMMIT",
      "commit": false,
      "rollback": null,
      "replay": false,
      "code": "UNCERTAIN_COMMIT",
      "verdict": null,
      "executedTransaction": false,
      "note": null
    }
  ],
  "passCount": 12,
  "failCount": 0,
  "overallOk": true
}
