PASS SETUP_FLOOR_STUBS_AND_RESET
PASS RUNTIME_AND_UNION_CLOSURES_NOT_SUMMARY
PASS WIPE_STILL_REJECTED code=F3_WIPE_FORBIDDEN_FOR_STUB_LIVE_PIN_AUTH
PASS P0_INVENTORY_CAPTURE_REQUIRED code=F13_INVENTORY_CAPTURE_REQUIRED
PASS LIVE_CAPTURE_EMPTY_UNIVERSE
PASS FUNCTION_IDENTITY_SURFACE
PASS OBJECT_KINDS_DEPS_HISTORY_CAPTURE
PASS UNEXPECTED_SENTINEL_BLOCKS code=F13_UNEXPECTED_OBJECT_OR_DEPENDENCY
PASS P1_ALREADY_CLEAN_ELIGIBILITY verdict=CLEAN_BASELINE
PASS P2_CLEAN_BASELINE_NO_MUTATION code=F13_RESET_ALREADY_CLEAN verdict=CLEAN_BASELINE
PASS P1_LEFTOVER_ELIGIBLE
PASS EMITTED_SQL_RESTRICT_NO_CASCADE
PASS SUCCESS_LEFTOVER_CLEAN_BASELINE code=F13_RESET_COMMITTED verdict=CLEAN_BASELINE phase=T7_COMMIT TX
PASS ROLLBACK_EXTRAS_HOLD_OFFLINE code=F13_UNEXPECTED_OBJECT_OR_DEPENDENCY
PASS TX_ROLLBACK_UNEXPECTED_OBJECT code=F13_RESET_SQL_FAILED phase=TX_FAILED TX
PASS TX_ROLLBACK_HISTORY_MISMATCH code=F13_RESET_SQL_FAILED phase=TX_FAILED TX
PASS FAILURE_BEFORE_MUTATION_NO_EFFECTS code=F13_FAILURE_BEFORE_MUTATION
PASS PROCESS_UNCERTAINTY_REPLAY_SUPPRESSED code=UNCERTAIN_COMMIT phase=T7_COMMIT
{
  "overallOk": true,
  "pass": 18,
  "fail": 0,
  "executedTransactions": 3,
  "sevenFindings": {
    "wipeRejected": true,
    "inventoryRequired": true,
    "alreadyCleanNoMutation": true,
    "leftoverEligibleSuccess": true,
    "unexpectedBlocks": true,
    "txRollback": true,
    "uncertaintyNoReplay": true
  },
  "localStatus": "LOCAL CANDIDATE READY"
}
