{
  "schema": "f15-qualification-reset-local-proof-v1",
  "label": "F15 LOCAL CORRECTION CANDIDATE — AWAITING QA / LOCAL 3-TX PROOF",
  "helper": "scripts/prove-f3-qualification-reset-local.mjs",
  "hostedIdentityProof": false,
  "disposableContact": false,
  "productionContact": false,
  "wipeRejectionCode": "F3_WIPE_FORBIDDEN_FOR_STUB_LIVE_PIN_AUTH",
  "mustLocal": false,
  "localPg": {
    "available": true,
    "reason": null,
    "classification": "LOCAL_PG_EXECUTED"
  },
  "distinctions": {
    "checks": 11,
    "scenarios": 4,
    "executedTransactions": 3
  },
  "cases": [
    {
      "id": "WIPE_STILL_REJECTED",
      "kind": "check",
      "ok": true,
      "capture": null,
      "resetApply": null,
      "sql": null,
      "observedPhase": null,
      "commit": null,
      "rollback": null,
      "replay": false,
      "code": "F3_WIPE_FORBIDDEN_FOR_STUB_LIVE_PIN_AUTH",
      "verdict": null,
      "executedTransaction": false,
      "note": null
    },
    {
      "id": "INVENTORY_PSQL_ARGV_MACHINE_READABLE",
      "kind": "check",
      "ok": true,
      "capture": null,
      "resetApply": null,
      "sql": true,
      "observedPhase": null,
      "commit": null,
      "rollback": null,
      "replay": false,
      "code": null,
      "verdict": null,
      "executedTransaction": false,
      "note": null
    },
    {
      "id": "ALIGNED_FRAMING_REJECTED",
      "kind": "check",
      "ok": true,
      "capture": "rejected",
      "resetApply": null,
      "sql": null,
      "observedPhase": null,
      "commit": null,
      "rollback": null,
      "replay": false,
      "code": "F13_INVENTORY_CAPTURE_FRAMING",
      "verdict": null,
      "executedTransaction": false,
      "note": null
    },
    {
      "id": "FUNCTION_IDENTITY_NAMED_ARGS",
      "kind": "check",
      "ok": true,
      "capture": null,
      "resetApply": null,
      "sql": true,
      "observedPhase": null,
      "commit": null,
      "rollback": null,
      "replay": false,
      "code": null,
      "verdict": null,
      "executedTransaction": false,
      "note": null
    },
    {
      "id": "UNEXPECTED_OBJECT_BLOCKS",
      "kind": "check",
      "ok": true,
      "capture": null,
      "resetApply": null,
      "sql": null,
      "observedPhase": null,
      "commit": null,
      "rollback": null,
      "replay": false,
      "code": "F13_UNEXPECTED_OBJECT_OR_DEPENDENCY",
      "verdict": null,
      "executedTransaction": false,
      "note": null
    },
    {
      "id": "STATUS0_WITHOUT_COMMIT_OBS",
      "kind": "check",
      "ok": true,
      "capture": null,
      "resetApply": null,
      "sql": null,
      "observedPhase": null,
      "commit": false,
      "rollback": null,
      "replay": false,
      "code": null,
      "verdict": null,
      "executedTransaction": false,
      "note": null
    },
    {
      "id": "COMMIT_CONNECTION_LOSS_UNCERTAIN",
      "kind": "check",
      "ok": true,
      "capture": null,
      "resetApply": null,
      "sql": null,
      "observedPhase": "T7_COMMIT",
      "commit": false,
      "rollback": null,
      "replay": false,
      "code": null,
      "verdict": null,
      "executedTransaction": false,
      "note": null
    },
    {
      "id": "ADVISORY_LOCK_NO_VOID_SELECT",
      "kind": "check",
      "ok": true,
      "capture": null,
      "resetApply": null,
      "sql": true,
      "observedPhase": null,
      "commit": null,
      "rollback": null,
      "replay": false,
      "code": null,
      "verdict": null,
      "executedTransaction": false,
      "note": null
    },
    {
      "id": "ADVISORY_LOCK_VOID_SELECT_FRAMING",
      "kind": "check",
      "ok": true,
      "capture": null,
      "resetApply": null,
      "sql": null,
      "observedPhase": "T7_COMMIT",
      "commit": true,
      "rollback": null,
      "replay": false,
      "code": null,
      "verdict": null,
      "executedTransaction": false,
      "note": "protocol-defined whitespace from void SELECT is ignored; PREFIX/SUFFIX still rejected"
    },
    {
      "id": "RUNTIME_CLOSURE_NOT_SUMMARY",
      "kind": "check",
      "ok": true,
      "capture": null,
      "resetApply": null,
      "sql": null,
      "observedPhase": null,
      "commit": null,
      "rollback": null,
      "replay": false,
      "code": null,
      "verdict": null,
      "executedTransaction": false,
      "note": null
    },
    {
      "id": "PROPOSED_HOSTED_PLAN_OFFLINE",
      "kind": "check",
      "ok": true,
      "capture": null,
      "resetApply": null,
      "sql": null,
      "observedPhase": null,
      "commit": null,
      "rollback": null,
      "replay": false,
      "code": null,
      "verdict": null,
      "executedTransaction": false,
      "note": null
    },
    {
      "id": "UNEXPECTED_OBJECT_BLOCKS_BEFORE_PLAN",
      "kind": "scenario",
      "ok": true,
      "capture": "complete-universe-with-sentinel",
      "resetApply": "not-attempted",
      "sql": null,
      "observedPhase": null,
      "commit": false,
      "rollback": null,
      "replay": false,
      "code": "F13_UNEXPECTED_OBJECT_OR_DEPENDENCY",
      "verdict": "HOLD",
      "executedTransaction": false,
      "note": "unexpected object present at capture blocks planning; no apply"
    },
    {
      "id": "TX_SUCCESSFUL_RESET",
      "kind": "scenario",
      "ok": true,
      "capture": "eligible-leftover",
      "resetApply": 1,
      "sql": true,
      "observedPhase": "T7_COMMIT",
      "commit": true,
      "rollback": null,
      "replay": false,
      "code": null,
      "verdict": "CLEAN_BASELINE",
      "executedTransaction": true,
      "note": "shared runQualificationReset + local-fixture psql + generated SQL"
    },
    {
      "id": "TX_UNEXPECTED_OBJECT_ROLLBACK",
      "kind": "scenario",
      "ok": true,
      "capture": "eligible-then-sentinel-after-capture",
      "resetApply": 1,
      "sql": true,
      "observedPhase": "T2_LOCK",
      "commit": false,
      "rollback": null,
      "replay": false,
      "code": "F13_RESET_SQL_FAILED",
      "verdict": "HOLD",
      "executedTransaction": true,
      "note": "object introduced after capture is TX-revalidated; sentinel preserved"
    },
    {
      "id": "TX_HISTORY_MISMATCH_ROLLBACK",
      "kind": "scenario",
      "ok": true,
      "capture": "eligible-then-history-mutated-after-capture",
      "resetApply": 1,
      "sql": true,
      "observedPhase": "T2_LOCK",
      "commit": false,
      "rollback": null,
      "replay": false,
      "code": "F13_RESET_SQL_FAILED",
      "verdict": "HOLD",
      "executedTransaction": true,
      "note": "history mismatch after capture rolls back; mutated history retained"
    }
  ],
  "passCount": 15,
  "failCount": 0,
  "overallOk": true
}
